Archive member included to satisfy reference by file (symbol)

c:/st/stm32cubeide_1.7.0/stm32cubeide/plugins/com.st.stm32cube.ide.mcu.externaltools.gnu-tools-for-stm32.9-2020-q2-update.win32_2.0.0.202105311346/tools/bin/../lib/gcc/arm-none-eabi/9.3.1/../../../../arm-none-eabi/lib/thumb/v7-m/nofp\libc_nano.a(lib_a-errno.o)
                              ./Core/Src/syscalls.o (__errno)
c:/st/stm32cubeide_1.7.0/stm32cubeide/plugins/com.st.stm32cube.ide.mcu.externaltools.gnu-tools-for-stm32.9-2020-q2-update.win32_2.0.0.202105311346/tools/bin/../lib/gcc/arm-none-eabi/9.3.1/../../../../arm-none-eabi/lib/thumb/v7-m/nofp\libc_nano.a(lib_a-exit.o)
                              c:/st/stm32cubeide_1.7.0/stm32cubeide/plugins/com.st.stm32cube.ide.mcu.externaltools.gnu-tools-for-stm32.9-2020-q2-update.win32_2.0.0.202105311346/tools/bin/../lib/gcc/arm-none-eabi/9.3.1/../../../../arm-none-eabi/lib/thumb/v7-m/nofp/crt0.o (exit)
c:/st/stm32cubeide_1.7.0/stm32cubeide/plugins/com.st.stm32cube.ide.mcu.externaltools.gnu-tools-for-stm32.9-2020-q2-update.win32_2.0.0.202105311346/tools/bin/../lib/gcc/arm-none-eabi/9.3.1/../../../../arm-none-eabi/lib/thumb/v7-m/nofp\libc_nano.a(lib_a-impure.o)
                              c:/st/stm32cubeide_1.7.0/stm32cubeide/plugins/com.st.stm32cube.ide.mcu.externaltools.gnu-tools-for-stm32.9-2020-q2-update.win32_2.0.0.202105311346/tools/bin/../lib/gcc/arm-none-eabi/9.3.1/../../../../arm-none-eabi/lib/thumb/v7-m/nofp\libc_nano.a(lib_a-exit.o) (_global_impure_ptr)
c:/st/stm32cubeide_1.7.0/stm32cubeide/plugins/com.st.stm32cube.ide.mcu.externaltools.gnu-tools-for-stm32.9-2020-q2-update.win32_2.0.0.202105311346/tools/bin/../lib/gcc/arm-none-eabi/9.3.1/../../../../arm-none-eabi/lib/thumb/v7-m/nofp\libc_nano.a(lib_a-init.o)
                              c:/st/stm32cubeide_1.7.0/stm32cubeide/plugins/com.st.stm32cube.ide.mcu.externaltools.gnu-tools-for-stm32.9-2020-q2-update.win32_2.0.0.202105311346/tools/bin/../lib/gcc/arm-none-eabi/9.3.1/../../../../arm-none-eabi/lib/thumb/v7-m/nofp/crt0.o (__libc_init_array)
c:/st/stm32cubeide_1.7.0/stm32cubeide/plugins/com.st.stm32cube.ide.mcu.externaltools.gnu-tools-for-stm32.9-2020-q2-update.win32_2.0.0.202105311346/tools/bin/../lib/gcc/arm-none-eabi/9.3.1/../../../../arm-none-eabi/lib/thumb/v7-m/nofp\libc_nano.a(lib_a-memset.o)
                              c:/st/stm32cubeide_1.7.0/stm32cubeide/plugins/com.st.stm32cube.ide.mcu.externaltools.gnu-tools-for-stm32.9-2020-q2-update.win32_2.0.0.202105311346/tools/bin/../lib/gcc/arm-none-eabi/9.3.1/../../../../arm-none-eabi/lib/thumb/v7-m/nofp/crt0.o (memset)

Allocating common symbols
Common symbol       size              file

led_status_north_south
                    0x4               ./Core/Src/light_traffic.o
uwTick              0x4               ./Drivers/STM32F1xx_HAL_Driver/Src/stm32f1xx_hal.o
pFlash              0x20              ./Drivers/STM32F1xx_HAL_Driver/Src/stm32f1xx_hal_flash.o
check_color_north_south
                    0x4               ./Core/Src/light_traffic.o
counter_east_west   0x4               ./Core/Src/light_traffic.o
led_status_east_west
                    0x4               ./Core/Src/light_traffic.o
counter_north_south
                    0x4               ./Core/Src/light_traffic.o
htim2               0x48              ./Core/Src/main.o
check_color_east_west
                    0x4               ./Core/Src/light_traffic.o

Discarded input sections

 .text          0x0000000000000000        0x0 c:/st/stm32cubeide_1.7.0/stm32cubeide/plugins/com.st.stm32cube.ide.mcu.externaltools.gnu-tools-for-stm32.9-2020-q2-update.win32_2.0.0.202105311346/tools/bin/../lib/gcc/arm-none-eabi/9.3.1/thumb/v7-m/nofp/crti.o
 .data          0x0000000000000000        0x0 c:/st/stm32cubeide_1.7.0/stm32cubeide/plugins/com.st.stm32cube.ide.mcu.externaltools.gnu-tools-for-stm32.9-2020-q2-update.win32_2.0.0.202105311346/tools/bin/../lib/gcc/arm-none-eabi/9.3.1/thumb/v7-m/nofp/crti.o
 .bss           0x0000000000000000        0x0 c:/st/stm32cubeide_1.7.0/stm32cubeide/plugins/com.st.stm32cube.ide.mcu.externaltools.gnu-tools-for-stm32.9-2020-q2-update.win32_2.0.0.202105311346/tools/bin/../lib/gcc/arm-none-eabi/9.3.1/thumb/v7-m/nofp/crti.o
 .data          0x0000000000000000        0x4 c:/st/stm32cubeide_1.7.0/stm32cubeide/plugins/com.st.stm32cube.ide.mcu.externaltools.gnu-tools-for-stm32.9-2020-q2-update.win32_2.0.0.202105311346/tools/bin/../lib/gcc/arm-none-eabi/9.3.1/thumb/v7-m/nofp/crtbegin.o
 .text          0x0000000000000000       0x7c c:/st/stm32cubeide_1.7.0/stm32cubeide/plugins/com.st.stm32cube.ide.mcu.externaltools.gnu-tools-for-stm32.9-2020-q2-update.win32_2.0.0.202105311346/tools/bin/../lib/gcc/arm-none-eabi/9.3.1/../../../../arm-none-eabi/lib/thumb/v7-m/nofp/crt0.o
[...]
Memory Configuration

Name             Origin             Length             Attributes
RAM              0x0000000020000000 0x0000000000002800 xrw
FLASH            0x0000000008000000 0x0000000000008000 xr
*default*        0x0000000000000000 0xffffffffffffffff

Linker script and memory map

LOAD c:/st/stm32cubeide_1.7.0/stm32cubeide/plugins/com.st.stm32cube.ide.mcu.externaltools.gnu-tools-for-stm32.9-2020-q2-update.win32_2.0.0.202105311346/tools/bin/../lib/gcc/arm-none-eabi/9.3.1/thumb/v7-m/nofp/crti.o
LOAD c:/st/stm32cubeide_1.7.0/stm32cubeide/plugins/com.st.stm32cube.ide.mcu.externaltools.gnu-tools-for-stm32.9-2020-q2-update.win32_2.0.0.202105311346/tools/bin/../lib/gcc/arm-none-eabi/9.3.1/thumb/v7-m/nofp/crtbegin.o
LOAD c:/st/stm32cubeide_1.7.0/stm32cubeide/plugins/com.st.stm32cube.ide.mcu.externaltools.gnu-tools-for-stm32.9-2020-q2-update.win32_2.0.0.202105311346/tools/bin/../lib/gcc/arm-none-eabi/9.3.1/../../../../arm-none-eabi/lib/thumb/v7-m/nofp/crt0.o
LOAD ./Core/Src/7_Segment.o
LOAD ./Core/Src/button.o
LOAD ./Core/Src/fsm_automatic.o
LOAD ./Core/Src/fsm_manual.o
LOAD ./Core/Src/fsm_save_value.o
LOAD ./Core/Src/fsm_setting.o
LOAD ./Core/Src/global.o
LOAD ./Core/Src/light_traffic.o
LOAD ./Core/Src/main.o
LOAD ./Core/Src/stm32f1xx_hal_msp.o
LOAD ./Core/Src/stm32f1xx_it.o
LOAD ./Core/Src/syscalls.o
LOAD ./Core/Src/sysmem.o
LOAD ./Core/Src/system_stm32f1xx.o
LOAD ./Core/Src/timer.o
LOAD ./Core/Startup/startup_stm32f103c6ux.o
LOAD ./Drivers/STM32F1xx_HAL_Driver/Src/stm32f1xx_hal.o
LOAD ./Drivers/STM32F1xx_HAL_Driver/Src/stm32f1xx_hal_cortex.o
LOAD ./Drivers/STM32F1xx_HAL_Driver/Src/stm32f1xx_hal_dma.o
LOAD ./Drivers/STM32F1xx_HAL_Driver/Src/stm32f1xx_hal_exti.o
LOAD ./Drivers/STM32F1xx_HAL_Driver/Src/stm32f1xx_hal_flash.o
LOAD ./Drivers/STM32F1xx_HAL_Driver/Src/stm32f1xx_hal_flash_ex.o
LOAD ./Drivers/STM32F1xx_HAL_Driver/Src/stm32f1xx_hal_gpio.o
LOAD ./Drivers/STM32F1xx_HAL_Driver/Src/stm32f1xx_hal_gpio_ex.o
LOAD ./Drivers/STM32F1xx_HAL_Driver/Src/stm32f1xx_hal_pwr.o
LOAD ./Drivers/STM32F1xx_HAL_Driver/Src/stm32f1xx_hal_rcc.o
LOAD ./Drivers/STM32F1xx_HAL_Driver/Src/stm32f1xx_hal_rcc_ex.o
LOAD ./Drivers/STM32F1xx_HAL_Driver/Src/stm32f1xx_hal_tim.o
LOAD ./Drivers/STM32F1xx_HAL_Driver/Src/stm32f1xx_hal_tim_ex.o
START GROUP
LOAD c:/st/stm32cubeide_1.7.0/stm32cubeide/plugins/com.st.stm32cube.ide.mcu.externaltools.gnu-tools-for-stm32.9-2020-q2-update.win32_2.0.0.202105311346/tools/bin/../lib/gcc/arm-none-eabi/9.3.1/../../../../arm-none-eabi/lib/thumb/v7-m/nofp\libstdc++_nano.a
LOAD c:/st/stm32cubeide_1.7.0/stm32cubeide/plugins/com.st.stm32cube.ide.mcu.externaltools.gnu-tools-for-stm32.9-2020-q2-update.win32_2.0.0.202105311346/tools/bin/../lib/gcc/arm-none-eabi/9.3.1/../../../../arm-none-eabi/lib/thumb/v7-m/nofp\libsupc++_nano.a
END GROUP
LOAD c:/st/stm32cubeide_1.7.0/stm32cubeide/plugins/com.st.stm32cube.ide.mcu.externaltools.gnu-tools-for-stm32.9-2020-q2-update.win32_2.0.0.202105311346/tools/bin/../lib/gcc/arm-none-eabi/9.3.1/../../../../arm-none-eabi/lib/thumb/v7-m/nofp\libstdc++_nano.a
LOAD c:/st/stm32cubeide_1.7.0/stm32cubeide/plugins/com.st.stm32cube.ide.mcu.externaltools.gnu-tools-for-stm32.9-2020-q2-update.win32_2.0.0.202105311346/tools/bin/../lib/gcc/arm-none-eabi/9.3.1/../../../../arm-none-eabi/lib/thumb/v7-m/nofp\libm.a
LOAD c:/st/stm32cubeide_1.7.0/stm32cubeide/plugins/com.st.stm32cube.ide.mcu.externaltools.gnu-tools-for-stm32.9-2020-q2-update.win32_2.0.0.202105311346/tools/bin/../lib/gcc/arm-none-eabi/9.3.1/../../../../arm-none-eabi/lib/thumb/v7-m/nofp\libc_nano.a
START GROUP
LOAD c:/st/stm32cubeide_1.7.0/stm32cubeide/plugins/com.st.stm32cube.ide.mcu.externaltools.gnu-tools-for-stm32.9-2020-q2-update.win32_2.0.0.202105311346/tools/bin/../lib/gcc/arm-none-eabi/9.3.1/thumb/v7-m/nofp\libgcc.a
LOAD c:/st/stm32cubeide_1.7.0/stm32cubeide/plugins/com.st.stm32cube.ide.mcu.externaltools.gnu-tools-for-stm32.9-2020-q2-update.win32_2.0.0.202105311346/tools/bin/../lib/gcc/arm-none-eabi/9.3.1/../../../../arm-none-eabi/lib/thumb/v7-m/nofp\libc_nano.a
END GROUP
START GROUP
LOAD c:/st/stm32cubeide_1.7.0/stm32cubeide/plugins/com.st.stm32cube.ide.mcu.externaltools.gnu-tools-for-stm32.9-2020-q2-update.win32_2.0.0.202105311346/tools/bin/../lib/gcc/arm-none-eabi/9.3.1/thumb/v7-m/nofp\libgcc.a
LOAD c:/st/stm32cubeide_1.7.0/stm32cubeide/plugins/com.st.stm32cube.ide.mcu.externaltools.gnu-tools-for-stm32.9-2020-q2-update.win32_2.0.0.202105311346/tools/bin/../lib/gcc/arm-none-eabi/9.3.1/../../../../arm-none-eabi/lib/thumb/v7-m/nofp\libc_nano.a
LOAD c:/st/stm32cubeide_1.7.0/stm32cubeide/plugins/com.st.stm32cube.ide.mcu.externaltools.gnu-tools-for-stm32.9-2020-q2-update.win32_2.0.0.202105311346/tools/bin/../lib/gcc/arm-none-eabi/9.3.1/../../../../arm-none-eabi/lib/thumb/v7-m/nofp\libnosys.a
END GROUP
START GROUP
LOAD c:/st/stm32cubeide_1.7.0/stm32cubeide/plugins/com.st.stm32cube.ide.mcu.externaltools.gnu-tools-for-stm32.9-2020-q2-update.win32_2.0.0.202105311346/tools/bin/../lib/gcc/arm-none-eabi/9.3.1/thumb/v7-m/nofp\libgcc.a
LOAD c:/st/stm32cubeide_1.7.0/stm32cubeide/plugins/com.st.stm32cube.ide.mcu.externaltools.gnu-tools-for-stm32.9-2020-q2-update.win32_2.0.0.202105311346/tools/bin/../lib/gcc/arm-none-eabi/9.3.1/../../../../arm-none-eabi/lib/thumb/v7-m/nofp\libc_nano.a
LOAD c:/st/stm32cubeide_1.7.0/stm32cubeide/plugins/com.st.stm32cube.ide.mcu.externaltools.gnu-tools-for-stm32.9-2020-q2-update.win32_2.0.0.202105311346/tools/bin/../lib/gcc/arm-none-eabi/9.3.1/../../../../arm-none-eabi/lib/thumb/v7-m/nofp\libnosys.a
END GROUP
LOAD c:/st/stm32cubeide_1.7.0/stm32cubeide/plugins/com.st.stm32cube.ide.mcu.externaltools.gnu-tools-for-stm32.9-2020-q2-update.win32_2.0.0.202105311346/tools/bin/../lib/gcc/arm-none-eabi/9.3.1/thumb/v7-m/nofp/crtend.o
LOAD c:/st/stm32cubeide_1.7.0/stm32cubeide/plugins/com.st.stm32cube.ide.mcu.externaltools.gnu-tools-for-stm32.9-2020-q2-update.win32_2.0.0.202105311346/tools/bin/../lib/gcc/arm-none-eabi/9.3.1/thumb/v7-m/nofp/crtn.o
                0x0000000020002800                _estack = (ORIGIN (RAM) + LENGTH (RAM))
                0x0000000000000200                _Min_Heap_Size = 0x200
                0x0000000000000400                _Min_Stack_Size = 0x400

.isr_vector     0x0000000008000000      0x10c
                0x0000000008000000                . = ALIGN (0x4)
 *(.isr_vector)
 .isr_vector    0x0000000008000000      0x10c ./Core/Startup/startup_stm32f103c6ux.o
                0x0000000008000000                g_pfnVectors
                0x000000000800010c                . = ALIGN (0x4)

.text           0x000000000800010c     0x2ef0
                0x000000000800010c                . = ALIGN (0x4)
 *(.text)
 .text          0x000000000800010c       0x40 c:/st/stm32cubeide_1.7.0/stm32cubeide/plugins/com.st.stm32cube.ide.mcu.externaltools.gnu-tools-for-stm32.9-2020-q2-update.win32_2.0.0.202105311346/tools/bin/../lib/gcc/arm-none-eabi/9.3.1/thumb/v7-m/nofp/crtbegin.o
 *(.text*)
 .text.display7SEG_East_West
                0x000000000800014c      0x290 ./Core/Src/7_Segment.o
                0x000000000800014c                display7SEG_East_West
 .text.display7SEG_North_South
                0x00000000080003dc      0x2f0 ./Core/Src/7_Segment.o
                0x00000000080003dc                display7SEG_North_South
 .text.isButton1Pressed
                0x00000000080006cc       0x24 ./Core/Src/button.o
                0x00000000080006cc                isButton1Pressed
 .text.isButton2Pressed
                0x00000000080006f0       0x24 ./Core/Src/button.o
                0x00000000080006f0                isButton2Pressed
 .text.isButton3Pressed
                0x0000000008000714       0x24 ./Core/Src/button.o
                0x0000000008000714                isButton3Pressed
 .text.getKeyInput
                0x0000000008000738      0x1f8 ./Core/Src/button.o
                0x0000000008000738                getKeyInput
 .text.fsm_automatic_run
                0x0000000008000930      0x164 ./Core/Src/fsm_automatic.o
                0x0000000008000930                fsm_automatic_run
 .text.fsm_manual_run
                0x0000000008000a94      0x1d8 ./Core/Src/fsm_manual.o
                0x0000000008000a94                fsm_manual_run
 .text.fsm_save_value_run
                0x0000000008000c6c       0x9c ./Core/Src/fsm_save_value.o
                0x0000000008000c6c                fsm_save_value_run
 .text.fsm_setting_run
                0x0000000008000d08      0x210 ./Core/Src/fsm_setting.o
                0x0000000008000d08                fsm_setting_run
 .text.init_time_traffic
                0x0000000008000f18       0x34 ./Core/Src/global.o
                0x0000000008000f18                init_time_traffic
 .text.clearLed
                0x0000000008000f4c       0x2c ./Core/Src/global.o
                0x0000000008000f4c                clearLed
 .text.setLedRed
                0x0000000008000f78       0x2c ./Core/Src/global.o
                0x0000000008000f78                setLedRed
 .text.setLedGreen
                0x0000000008000fa4       0x2c ./Core/Src/global.o
                0x0000000008000fa4                setLedGreen
 .text.setLedYellow
                0x0000000008000fd0       0x2c ./Core/Src/global.o
                0x0000000008000fd0                setLedYellow
 .text.clearLed1
                0x0000000008000ffc       0x2c ./Core/Src/global.o
                0x0000000008000ffc                clearLed1
 .text.setLedRed1
                0x0000000008001028       0x2c ./Core/Src/global.o
                0x0000000008001028                setLedRed1
 .text.setLedGreen1
                0x0000000008001054       0x2c ./Core/Src/global.o
                0x0000000008001054                setLedGreen1
 .text.setLedYellow1
                0x0000000008001080       0x2c ./Core/Src/global.o
                0x0000000008001080                setLedYellow1
 .text.updateClockBuffer
                0x00000000080010ac       0x78 ./Core/Src/global.o
                0x00000000080010ac                updateClockBuffer
 .text.redBuffer
                0x0000000008001124       0x48 ./Core/Src/global.o
                0x0000000008001124                redBuffer
 .text.greenBuffer
                0x000000000800116c       0x48 ./Core/Src/global.o
                0x000000000800116c                greenBuffer
 .text.yellowBuffer
                0x00000000080011b4       0x48 ./Core/Src/global.o
                0x00000000080011b4                yellowBuffer
 .text.display  0x00000000080011fc       0xc4 ./Core/Src/global.o
                0x00000000080011fc                display
 .text.display_value_edit
                0x00000000080012c0       0x84 ./Core/Src/global.o
                0x00000000080012c0                display_value_edit
 .text.init_traffic_light
                0x0000000008001344       0x54 ./Core/Src/light_traffic.o
                0x0000000008001344                init_traffic_light
 .text.light_traffic_run
                0x0000000008001398      0x230 ./Core/Src/light_traffic.o
                0x0000000008001398                light_traffic_run
 .text.main     0x00000000080015c8       0x30 ./Core/Src/main.o
                0x00000000080015c8                main
 .text.SystemClock_Config
                0x00000000080015f8       0x76 ./Core/Src/main.o
                0x00000000080015f8                SystemClock_Config
 *fill*         0x000000000800166e        0x2 
 .text.MX_TIM2_Init
                0x0000000008001670       0x98 ./Core/Src/main.o
 .text.MX_GPIO_Init
                0x0000000008001708       0xc8 ./Core/Src/main.o
 .text.HAL_TIM_PeriodElapsedCallback
                0x00000000080017d0       0x18 ./Core/Src/main.o
                0x00000000080017d0                HAL_TIM_PeriodElapsedCallback
 .text.Error_Handler
                0x00000000080017e8        0xa ./Core/Src/main.o
                0x00000000080017e8                Error_Handler
 *fill*         0x00000000080017f2        0x2 
 .text.HAL_MspInit
                0x00000000080017f4       0x64 ./Core/Src/stm32f1xx_hal_msp.o
                0x00000000080017f4                HAL_MspInit
 .text.HAL_TIM_Base_MspInit
                0x0000000008001858       0x48 ./Core/Src/stm32f1xx_hal_msp.o
                0x0000000008001858                HAL_TIM_Base_MspInit
 .text.NMI_Handler
                0x00000000080018a0        0x6 ./Core/Src/stm32f1xx_it.o
                0x00000000080018a0                NMI_Handler
 .text.HardFault_Handler
                0x00000000080018a6        0x6 ./Core/Src/stm32f1xx_it.o
                0x00000000080018a6                HardFault_Handler
 .text.MemManage_Handler
                0x00000000080018ac        0x6 ./Core/Src/stm32f1xx_it.o
                0x00000000080018ac                MemManage_Handler
 .text.BusFault_Handler
                0x00000000080018b2        0x6 ./Core/Src/stm32f1xx_it.o
                0x00000000080018b2                BusFault_Handler
 .text.UsageFault_Handler
                0x00000000080018b8        0x6 ./Core/Src/stm32f1xx_it.o
                0x00000000080018b8                UsageFault_Handler
 .text.SVC_Handler
                0x00000000080018be        0xc ./Core/Src/stm32f1xx_it.o
                0x00000000080018be                SVC_Handler
 .text.DebugMon_Handler
                0x00000000080018ca        0xc ./Core/Src/stm32f1xx_it.o
                0x00000000080018ca                DebugMon_Handler
 .text.PendSV_Handler
                0x00000000080018d6        0xc ./Core/Src/stm32f1xx_it.o
                0x00000000080018d6                PendSV_Handler
 .text.SysTick_Handler
                0x00000000080018e2        0xc ./Core/Src/stm32f1xx_it.o
                0x00000000080018e2                SysTick_Handler
 *fill*         0x00000000080018ee        0x2 
 .text.TIM2_IRQHandler
                0x00000000080018f0       0x14 ./Core/Src/stm32f1xx_it.o
                0x00000000080018f0                TIM2_IRQHandler
 .text.SystemInit
                0x0000000008001904        0xc ./Core/Src/system_stm32f1xx.o
                0x0000000008001904                SystemInit
 .text.setTimer1
                0x0000000008001910       0x28 ./Core/Src/timer.o
                0x0000000008001910                setTimer1
 .text.timerRun
                0x0000000008001938       0x34 ./Core/Src/timer.o
                0x0000000008001938                timerRun
 .text.Reset_Handler
                0x000000000800196c       0x48 ./Core/Startup/startup_stm32f103c6ux.o
                0x000000000800196c                Reset_Handler
 .text.Default_Handler
                0x00000000080019b4        0x2 ./Core/Startup/startup_stm32f103c6ux.o
                0x00000000080019b4                RTC_Alarm_IRQHandler
                0x00000000080019b4                EXTI2_IRQHandler
                0x00000000080019b4                TIM1_CC_IRQHandler
                0x00000000080019b4                PVD_IRQHandler
                0x00000000080019b4                EXTI3_IRQHandler
                0x00000000080019b4                EXTI0_IRQHandler
                0x00000000080019b4                ADC1_2_IRQHandler
                0x00000000080019b4                SPI1_IRQHandler
                0x00000000080019b4                TAMPER_IRQHandler
                0x00000000080019b4                DMA1_Channel4_IRQHandler
                0x00000000080019b4                RTC_IRQHandler
                0x00000000080019b4                DMA1_Channel7_IRQHandler
                0x00000000080019b4                CAN1_RX1_IRQHandler
                0x00000000080019b4                I2C1_EV_IRQHandler
                0x00000000080019b4                DMA1_Channel6_IRQHandler
                0x00000000080019b4                TIM3_IRQHandler
                0x00000000080019b4                RCC_IRQHandler
                0x00000000080019b4                TIM1_TRG_COM_IRQHandler
                0x00000000080019b4                DMA1_Channel1_IRQHandler
                0x00000000080019b4                Default_Handler
                0x00000000080019b4                EXTI15_10_IRQHandler
                0x00000000080019b4                EXTI9_5_IRQHandler
                0x00000000080019b4                DMA1_Channel5_IRQHandler
                0x00000000080019b4                EXTI4_IRQHandler
                0x00000000080019b4                USB_LP_CAN1_RX0_IRQHandler
                0x00000000080019b4                USB_HP_CAN1_TX_IRQHandler
                0x00000000080019b4                DMA1_Channel3_IRQHandler
                0x00000000080019b4                TIM1_UP_IRQHandler
                0x00000000080019b4                WWDG_IRQHandler
                0x00000000080019b4                TIM1_BRK_IRQHandler
                0x00000000080019b4                EXTI1_IRQHandler
                0x00000000080019b4                USART2_IRQHandler
                0x00000000080019b4                DMA1_Channel2_IRQHandler
                0x00000000080019b4                CAN1_SCE_IRQHandler
                0x00000000080019b4                FLASH_IRQHandler
                0x00000000080019b4                USART1_IRQHandler
                0x00000000080019b4                I2C1_ER_IRQHandler
                0x00000000080019b4                USBWakeUp_IRQHandler
 *fill*         0x00000000080019b6        0x2 
 .text.HAL_Init
                0x00000000080019b8       0x2c ./Drivers/STM32F1xx_HAL_Driver/Src/stm32f1xx_hal.o
                0x00000000080019b8                HAL_Init
 .text.HAL_InitTick
                0x00000000080019e4       0x60 ./Drivers/STM32F1xx_HAL_Driver/Src/stm32f1xx_hal.o
                0x00000000080019e4                HAL_InitTick
 .text.HAL_IncTick
                0x0000000008001a44       0x24 ./Drivers/STM32F1xx_HAL_Driver/Src/stm32f1xx_hal.o
                0x0000000008001a44                HAL_IncTick
 .text.HAL_GetTick
                0x0000000008001a68       0x14 ./Drivers/STM32F1xx_HAL_Driver/Src/stm32f1xx_hal.o
                0x0000000008001a68                HAL_GetTick
 .text.__NVIC_SetPriorityGrouping
                0x0000000008001a7c       0x48 ./Drivers/STM32F1xx_HAL_Driver/Src/stm32f1xx_hal_cortex.o
 .text.__NVIC_GetPriorityGrouping
                0x0000000008001ac4       0x1c ./Drivers/STM32F1xx_HAL_Driver/Src/stm32f1xx_hal_cortex.o
 .text.__NVIC_EnableIRQ
                0x0000000008001ae0       0x38 ./Drivers/STM32F1xx_HAL_Driver/Src/stm32f1xx_hal_cortex.o
 .text.__NVIC_SetPriority
                0x0000000008001b18       0x54 ./Drivers/STM32F1xx_HAL_Driver/Src/stm32f1xx_hal_cortex.o
 .text.NVIC_EncodePriority
                0x0000000008001b6c       0x64 ./Drivers/STM32F1xx_HAL_Driver/Src/stm32f1xx_hal_cortex.o
 .text.SysTick_Config
                0x0000000008001bd0       0x44 ./Drivers/STM32F1xx_HAL_Driver/Src/stm32f1xx_hal_cortex.o
 .text.HAL_NVIC_SetPriorityGrouping
                0x0000000008001c14       0x16 ./Drivers/STM32F1xx_HAL_Driver/Src/stm32f1xx_hal_cortex.o
                0x0000000008001c14                HAL_NVIC_SetPriorityGrouping
 .text.HAL_NVIC_SetPriority
                0x0000000008001c2a       0x38 ./Drivers/STM32F1xx_HAL_Driver/Src/stm32f1xx_hal_cortex.o
                0x0000000008001c2a                HAL_NVIC_SetPriority
 .text.HAL_NVIC_EnableIRQ
                0x0000000008001c62       0x1c ./Drivers/STM32F1xx_HAL_Driver/Src/stm32f1xx_hal_cortex.o
                0x0000000008001c62                HAL_NVIC_EnableIRQ
 .text.HAL_SYSTICK_Config
                0x0000000008001c7e       0x18 ./Drivers/STM32F1xx_HAL_Driver/Src/stm32f1xx_hal_cortex.o
                0x0000000008001c7e                HAL_SYSTICK_Config
 *fill*         0x0000000008001c96        0x2 
 .text.HAL_GPIO_Init
                0x0000000008001c98      0x2f4 ./Drivers/STM32F1xx_HAL_Driver/Src/stm32f1xx_hal_gpio.o
                0x0000000008001c98                HAL_GPIO_Init
 .text.HAL_GPIO_ReadPin
                0x0000000008001f8c       0x2e ./Drivers/STM32F1xx_HAL_Driver/Src/stm32f1xx_hal_gpio.o
                0x0000000008001f8c                HAL_GPIO_ReadPin
 .text.HAL_GPIO_WritePin
                0x0000000008001fba       0x30 ./Drivers/STM32F1xx_HAL_Driver/Src/stm32f1xx_hal_gpio.o
                0x0000000008001fba                HAL_GPIO_WritePin
 .text.HAL_GPIO_TogglePin
                0x0000000008001fea       0x32 ./Drivers/STM32F1xx_HAL_Driver/Src/stm32f1xx_hal_gpio.o
                0x0000000008001fea                HAL_GPIO_TogglePin
 .text.HAL_RCC_OscConfig
                0x000000000800201c      0x500 ./Drivers/STM32F1xx_HAL_Driver/Src/stm32f1xx_hal_rcc.o
                0x000000000800201c                HAL_RCC_OscConfig
 .text.HAL_RCC_ClockConfig
                0x000000000800251c      0x1d4 ./Drivers/STM32F1xx_HAL_Driver/Src/stm32f1xx_hal_rcc.o
                0x000000000800251c                HAL_RCC_ClockConfig
 .text.HAL_RCC_GetSysClockFreq
                0x00000000080026f0       0xa8 ./Drivers/STM32F1xx_HAL_Driver/Src/stm32f1xx_hal_rcc.o
                0x00000000080026f0                HAL_RCC_GetSysClockFreq
 .text.RCC_Delay
                0x0000000008002798       0x3c ./Drivers/STM32F1xx_HAL_Driver/Src/stm32f1xx_hal_rcc.o
 .text.HAL_TIM_Base_Init
                0x00000000080027d4       0x9e ./Drivers/STM32F1xx_HAL_Driver/Src/stm32f1xx_hal_tim.o
                0x00000000080027d4                HAL_TIM_Base_Init
 *fill*         0x0000000008002872        0x2 
 .text.HAL_TIM_Base_Start_IT
                0x0000000008002874       0x98 ./Drivers/STM32F1xx_HAL_Driver/Src/stm32f1xx_hal_tim.o
                0x0000000008002874                HAL_TIM_Base_Start_IT
 .text.HAL_TIM_IRQHandler
                0x000000000800290c      0x1e0 ./Drivers/STM32F1xx_HAL_Driver/Src/stm32f1xx_hal_tim.o
                0x000000000800290c                HAL_TIM_IRQHandler
 .text.HAL_TIM_ConfigClockSource
                0x0000000008002aec      0x18e ./Drivers/STM32F1xx_HAL_Driver/Src/stm32f1xx_hal_tim.o
                0x0000000008002aec                HAL_TIM_ConfigClockSource
 .text.HAL_TIM_OC_DelayElapsedCallback
                0x0000000008002c7a       0x12 ./Drivers/STM32F1xx_HAL_Driver/Src/stm32f1xx_hal_tim.o
                0x0000000008002c7a                HAL_TIM_OC_DelayElapsedCallback
 .text.HAL_TIM_IC_CaptureCallback
                0x0000000008002c8c       0x12 ./Drivers/STM32F1xx_HAL_Driver/Src/stm32f1xx_hal_tim.o
                0x0000000008002c8c                HAL_TIM_IC_CaptureCallback
 .text.HAL_TIM_PWM_PulseFinishedCallback
                0x0000000008002c9e       0x12 ./Drivers/STM32F1xx_HAL_Driver/Src/stm32f1xx_hal_tim.o
                0x0000000008002c9e                HAL_TIM_PWM_PulseFinishedCallback
 .text.HAL_TIM_TriggerCallback
                0x0000000008002cb0       0x12 ./Drivers/STM32F1xx_HAL_Driver/Src/stm32f1xx_hal_tim.o
                0x0000000008002cb0                HAL_TIM_TriggerCallback
 *fill*         0x0000000008002cc2        0x2 
 .text.TIM_Base_SetConfig
                0x0000000008002cc4       0xc8 ./Drivers/STM32F1xx_HAL_Driver/Src/stm32f1xx_hal_tim.o
                0x0000000008002cc4                TIM_Base_SetConfig
 .text.TIM_TI1_ConfigInputStage
                0x0000000008002d8c       0x5c ./Drivers/STM32F1xx_HAL_Driver/Src/stm32f1xx_hal_tim.o
 .text.TIM_TI2_ConfigInputStage
                0x0000000008002de8       0x5e ./Drivers/STM32F1xx_HAL_Driver/Src/stm32f1xx_hal_tim.o
 .text.TIM_ITRx_SetConfig
                0x0000000008002e46       0x34 ./Drivers/STM32F1xx_HAL_Driver/Src/stm32f1xx_hal_tim.o
 .text.TIM_ETR_SetConfig
                0x0000000008002e7a       0x3e ./Drivers/STM32F1xx_HAL_Driver/Src/stm32f1xx_hal_tim.o
                0x0000000008002e7a                TIM_ETR_SetConfig
 .text.HAL_TIMEx_MasterConfigSynchronization
                0x0000000008002eb8       0xb0 ./Drivers/STM32F1xx_HAL_Driver/Src/stm32f1xx_hal_tim_ex.o
                0x0000000008002eb8                HAL_TIMEx_MasterConfigSynchronization
 .text.HAL_TIMEx_CommutCallback
                0x0000000008002f68       0x12 ./Drivers/STM32F1xx_HAL_Driver/Src/stm32f1xx_hal_tim_ex.o
                0x0000000008002f68                HAL_TIMEx_CommutCallback
 .text.HAL_TIMEx_BreakCallback
                0x0000000008002f7a       0x12 ./Drivers/STM32F1xx_HAL_Driver/Src/stm32f1xx_hal_tim_ex.o
                0x0000000008002f7a                HAL_TIMEx_BreakCallback
 .text.__libc_init_array
                0x0000000008002f8c       0x48 c:/st/stm32cubeide_1.7.0/stm32cubeide/plugins/com.st.stm32cube.ide.mcu.externaltools.gnu-tools-for-stm32.9-2020-q2-update.win32_2.0.0.202105311346/tools/bin/../lib/gcc/arm-none-eabi/9.3.1/../../../../arm-none-eabi/lib/thumb/v7-m/nofp\libc_nano.a(lib_a-init.o)
                0x0000000008002f8c                __libc_init_array
 .text.memset   0x0000000008002fd4       0x10 c:/st/stm32cubeide_1.7.0/stm32cubeide/plugins/com.st.stm32cube.ide.mcu.externaltools.gnu-tools-for-stm32.9-2020-q2-update.win32_2.0.0.202105311346/tools/bin/../lib/gcc/arm-none-eabi/9.3.1/../../../../arm-none-eabi/lib/thumb/v7-m/nofp\libc_nano.a(lib_a-memset.o)
                0x0000000008002fd4                memset
 *(.glue_7)
 .glue_7        0x0000000008002fe4        0x0 linker stubs
 *(.glue_7t)
 .glue_7t       0x0000000008002fe4        0x0 linker stubs
 *(.eh_frame)
 .eh_frame      0x0000000008002fe4        0x0 c:/st/stm32cubeide_1.7.0/stm32cubeide/plugins/com.st.stm32cube.ide.mcu.externaltools.gnu-tools-for-stm32.9-2020-q2-update.win32_2.0.0.202105311346/tools/bin/../lib/gcc/arm-none-eabi/9.3.1/thumb/v7-m/nofp/crtbegin.o
 *(.init)
 .init          0x0000000008002fe4        0x4 c:/st/stm32cubeide_1.7.0/stm32cubeide/plugins/com.st.stm32cube.ide.mcu.externaltools.gnu-tools-for-stm32.9-2020-q2-update.win32_2.0.0.202105311346/tools/bin/../lib/gcc/arm-none-eabi/9.3.1/thumb/v7-m/nofp/crti.o
                0x0000000008002fe4                _init
 .init          0x0000000008002fe8        0x8 c:/st/stm32cubeide_1.7.0/stm32cubeide/plugins/com.st.stm32cube.ide.mcu.externaltools.gnu-tools-for-stm32.9-2020-q2-update.win32_2.0.0.202105311346/tools/bin/../lib/gcc/arm-none-eabi/9.3.1/thumb/v7-m/nofp/crtn.o
 *(.fini)
 .fini          0x0000000008002ff0        0x4 c:/st/stm32cubeide_1.7.0/stm32cubeide/plugins/com.st.stm32cube.ide.mcu.externaltools.gnu-tools-for-stm32.9-2020-q2-update.win32_2.0.0.202105311346/tools/bin/../lib/gcc/arm-none-eabi/9.3.1/thumb/v7-m/nofp/crti.o
                0x0000000008002ff0                _fini
 .fini          0x0000000008002ff4        0x8 c:/st/stm32cubeide_1.7.0/stm32cubeide/plugins/com.st.stm32cube.ide.mcu.externaltools.gnu-tools-for-stm32.9-2020-q2-update.win32_2.0.0.202105311346/tools/bin/../lib/gcc/arm-none-eabi/9.3.1/thumb/v7-m/nofp/crtn.o
                0x0000000008002ffc                . = ALIGN (0x4)
                0x0000000008002ffc                _etext = .

.vfp11_veneer   0x0000000008002ffc        0x0
 .vfp11_veneer  0x0000000008002ffc        0x0 linker stubs

.v4_bx          0x0000000008002ffc        0x0
 .v4_bx         0x0000000008002ffc        0x0 linker stubs

.iplt           0x0000000008002ffc        0x0
 .iplt          0x0000000008002ffc        0x0 c:/st/stm32cubeide_1.7.0/stm32cubeide/plugins/com.st.stm32cube.ide.mcu.externaltools.gnu-tools-for-stm32.9-2020-q2-update.win32_2.0.0.202105311346/tools/bin/../lib/gcc/arm-none-eabi/9.3.1/thumb/v7-m/nofp/crtbegin.o

.rodata         0x0000000008002ffc       0x24
                0x0000000008002ffc                . = ALIGN (0x4)
 *(.rodata)
 *(.rodata*)
 .rodata.AHBPrescTable
                0x0000000008002ffc       0x10 ./Core/Src/system_stm32f1xx.o
                0x0000000008002ffc                AHBPrescTable
 .rodata.aPLLMULFactorTable.6032
                0x000000000800300c       0x10 ./Drivers/STM32F1xx_HAL_Driver/Src/stm32f1xx_hal_rcc.o
 .rodata.aPredivFactorTable.6033
                0x000000000800301c        0x2 ./Drivers/STM32F1xx_HAL_Driver/Src/stm32f1xx_hal_rcc.o
                0x0000000008003020                . = ALIGN (0x4)
 *fill*         0x000000000800301e        0x2 

.rel.dyn        0x0000000008003020        0x0
 .rel.iplt      0x0000000008003020        0x0 c:/st/stm32cubeide_1.7.0/stm32cubeide/plugins/com.st.stm32cube.ide.mcu.externaltools.gnu-tools-for-stm32.9-2020-q2-update.win32_2.0.0.202105311346/tools/bin/../lib/gcc/arm-none-eabi/9.3.1/thumb/v7-m/nofp/crtbegin.o

.ARM.extab      0x0000000008003020        0x0
                0x0000000008003020                . = ALIGN (0x4)
 *(.ARM.extab* .gnu.linkonce.armextab.*)
                0x0000000008003020                . = ALIGN (0x4)

.ARM            0x0000000008003020        0x0
                0x0000000008003020                . = ALIGN (0x4)
                0x0000000008003020                __exidx_start = .
 *(.ARM.exidx*)
                0x0000000008003020                __exidx_end = .
                0x0000000008003020                . = ALIGN (0x4)

.preinit_array  0x0000000008003020        0x0
                0x0000000008003020                . = ALIGN (0x4)
                0x0000000008003020                PROVIDE (__preinit_array_start = .)
 *(.preinit_array*)
                0x0000000008003020                PROVIDE (__preinit_array_end = .)
                0x0000000008003020                . = ALIGN (0x4)

.init_array     0x0000000008003020        0x4
                0x0000000008003020                . = ALIGN (0x4)
                0x0000000008003020                PROVIDE (__init_array_start = .)
 *(SORT_BY_NAME(.init_array.*))
 *(.init_array*)
 .init_array    0x0000000008003020        0x4 c:/st/stm32cubeide_1.7.0/stm32cubeide/plugins/com.st.stm32cube.ide.mcu.externaltools.gnu-tools-for-stm32.9-2020-q2-update.win32_2.0.0.202105311346/tools/bin/../lib/gcc/arm-none-eabi/9.3.1/thumb/v7-m/nofp/crtbegin.o
                0x0000000008003024                PROVIDE (__init_array_end = .)
                0x0000000008003024                . = ALIGN (0x4)

.fini_array     0x0000000008003024        0x4
                0x0000000008003024                . = ALIGN (0x4)
                [!provide]                        PROVIDE (__fini_array_start = .)
 *(SORT_BY_NAME(.fini_array.*))
 *(.fini_array*)
 .fini_array    0x0000000008003024        0x4 c:/st/stm32cubeide_1.7.0/stm32cubeide/plugins/com.st.stm32cube.ide.mcu.externaltools.gnu-tools-for-stm32.9-2020-q2-update.win32_2.0.0.202105311346/tools/bin/../lib/gcc/arm-none-eabi/9.3.1/thumb/v7-m/nofp/crtbegin.o
                [!provide]                        PROVIDE (__fini_array_end = .)
                0x0000000008003028                . = ALIGN (0x4)
                0x0000000008003028                _sidata = LOADADDR (.data)

.data           0x0000000020000000       0x50 load address 0x0000000008003028
                0x0000000020000000                . = ALIGN (0x4)
                0x0000000020000000                _sdata = .
 *(.data)
 *(.data*)
 .data.KeyRegB1_0
                0x0000000020000000        0x4 ./Core/Src/button.o
                0x0000000020000000                KeyRegB1_0
 .data.KeyRegB1_1
                0x0000000020000004        0x4 ./Core/Src/button.o
                0x0000000020000004                KeyRegB1_1
 .data.KeyRegB1_2
                0x0000000020000008        0x4 ./Core/Src/button.o
                0x0000000020000008                KeyRegB1_2
 .data.KeyRegB1_3
                0x000000002000000c        0x4 ./Core/Src/button.o
                0x000000002000000c                KeyRegB1_3
 .data.KeyRegB2_0
                0x0000000020000010        0x4 ./Core/Src/button.o
                0x0000000020000010                KeyRegB2_0
 .data.KeyRegB2_1
                0x0000000020000014        0x4 ./Core/Src/button.o
                0x0000000020000014                KeyRegB2_1
 .data.KeyRegB2_2
                0x0000000020000018        0x4 ./Core/Src/button.o
                0x0000000020000018                KeyRegB2_2
 .data.KeyRegB2_3
                0x000000002000001c        0x4 ./Core/Src/button.o
                0x000000002000001c                KeyRegB2_3
 .data.KeyRegB3_0
                0x0000000020000020        0x4 ./Core/Src/button.o
                0x0000000020000020                KeyRegB3_0
 .data.KeyRegB3_1
                0x0000000020000024        0x4 ./Core/Src/button.o
                0x0000000020000024                KeyRegB3_1
 .data.KeyRegB3_2
                0x0000000020000028        0x4 ./Core/Src/button.o
                0x0000000020000028                KeyRegB3_2
 .data.KeyRegB3_3
                0x000000002000002c        0x4 ./Core/Src/button.o
                0x000000002000002c                KeyRegB3_3
 .data.TimeOutForKeyPress
                0x0000000020000030        0x4 ./Core/Src/button.o
                0x0000000020000030                TimeOutForKeyPress
 .data.dem.6022
                0x0000000020000034        0x4 ./Core/Src/fsm_automatic.o
 .data.time_red
                0x0000000020000038        0x4 ./Core/Src/global.o
                0x0000000020000038                time_red
 .data.time_green
                0x000000002000003c        0x4 ./Core/Src/global.o
                0x000000002000003c                time_green
 .data.time_yellow
                0x0000000020000040        0x4 ./Core/Src/global.o
                0x0000000020000040                time_yellow
 .data.SystemCoreClock
                0x0000000020000044        0x4 ./Core/Src/system_stm32f1xx.o
                0x0000000020000044                SystemCoreClock
 .data.uwTickPrio
                0x0000000020000048        0x4 ./Drivers/STM32F1xx_HAL_Driver/Src/stm32f1xx_hal.o
                0x0000000020000048                uwTickPrio
 .data.uwTickFreq
                0x000000002000004c        0x1 ./Drivers/STM32F1xx_HAL_Driver/Src/stm32f1xx_hal.o
                0x000000002000004c                uwTickFreq
 *(.RamFunc)
 *(.RamFunc*)
                0x0000000020000050                . = ALIGN (0x4)
 *fill*         0x000000002000004d        0x3 
                0x0000000020000050                _edata = .

.igot.plt       0x0000000020000050        0x0 load address 0x0000000008003078
 .igot.plt      0x0000000020000050        0x0 c:/st/stm32cubeide_1.7.0/stm32cubeide/plugins/com.st.stm32cube.ide.mcu.externaltools.gnu-tools-for-stm32.9-2020-q2-update.win32_2.0.0.202105311346/tools/bin/../lib/gcc/arm-none-eabi/9.3.1/thumb/v7-m/nofp/crtbegin.o
                0x0000000020000050                . = ALIGN (0x4)

.bss            0x0000000020000050       0xd8 load address 0x0000000008003078
                0x0000000020000050                _sbss = .
                0x0000000020000050                __bss_start__ = _sbss
 *(.bss)
 .bss           0x0000000020000050       0x1c c:/st/stm32cubeide_1.7.0/stm32cubeide/plugins/com.st.stm32cube.ide.mcu.externaltools.gnu-tools-for-stm32.9-2020-q2-update.win32_2.0.0.202105311346/tools/bin/../lib/gcc/arm-none-eabi/9.3.1/thumb/v7-m/nofp/crtbegin.o
 *(.bss*)
 .bss.button1_flag
                0x000000002000006c        0x4 ./Core/Src/button.o
                0x000000002000006c                button1_flag
 .bss.button2_flag
                0x0000000020000070        0x4 ./Core/Src/button.o
                0x0000000020000070                button2_flag
 .bss.button3_flag
                0x0000000020000074        0x4 ./Core/Src/button.o
                0x0000000020000074                button3_flag
 .bss.dem_red.6022
                0x0000000020000078        0x4 ./Core/Src/fsm_setting.o
 .bss.dem_green.6025
                0x000000002000007c        0x4 ./Core/Src/fsm_setting.o
 .bss.dem_yellow.6027
                0x0000000020000080        0x4 ./Core/Src/fsm_setting.o
 .bss.status    0x0000000020000084        0x4 ./Core/Src/global.o
                0x0000000020000084                status
 .bss.index_led
                0x0000000020000088        0x4 ./Core/Src/global.o
                0x0000000020000088                index_led
 .bss.led_buffer
                0x000000002000008c       0x10 ./Core/Src/global.o
                0x000000002000008c                led_buffer
 .bss.red_buffer
                0x000000002000009c        0x8 ./Core/Src/global.o
                0x000000002000009c                red_buffer
 .bss.yellow_buffer
                0x00000000200000a4        0x8 ./Core/Src/global.o
                0x00000000200000a4                yellow_buffer
 .bss.green_buffer
                0x00000000200000ac        0x8 ./Core/Src/global.o
                0x00000000200000ac                green_buffer
 .bss.count     0x00000000200000b4        0x4 ./Core/Src/light_traffic.o
                0x00000000200000b4                count
 .bss.count1    0x00000000200000b8        0x4 ./Core/Src/light_traffic.o
                0x00000000200000b8                count1
 .bss.timer1_counter
                0x00000000200000bc        0x4 ./Core/Src/timer.o
                0x00000000200000bc                timer1_counter
 .bss.timer1_flag
                0x00000000200000c0        0x4 ./Core/Src/timer.o
                0x00000000200000c0                timer1_flag
 *(COMMON)
 COMMON         0x00000000200000c4       0x18 ./Core/Src/light_traffic.o
                0x00000000200000c4                led_status_north_south
                0x00000000200000c8                check_color_north_south
                0x00000000200000cc                counter_east_west
                0x00000000200000d0                led_status_east_west
                0x00000000200000d4                counter_north_south
                0x00000000200000d8                check_color_east_west
 COMMON         0x00000000200000dc       0x48 ./Core/Src/main.o
                0x00000000200000dc                htim2
 COMMON         0x0000000020000124        0x4 ./Drivers/STM32F1xx_HAL_Driver/Src/stm32f1xx_hal.o
                0x0000000020000124                uwTick
                0x0000000020000128                . = ALIGN (0x4)
                0x0000000020000128                _ebss = .
                0x0000000020000128                __bss_end__ = _ebss

._user_heap_stack
                0x0000000020000128      0x600 load address 0x0000000008003078
                0x0000000020000128                . = ALIGN (0x8)
                [!provide]                        PROVIDE (end = .)
                0x0000000020000128                PROVIDE (_end = .)
                0x0000000020000328                . = (. + _Min_Heap_Size)
 *fill*         0x0000000020000128      0x200 
                0x0000000020000728                . = (. + _Min_Stack_Size)
 *fill*         0x0000000020000328      0x400 
                0x0000000020000728                . = ALIGN (0x8)

/DISCARD/
 libc.a(*)
 libm.a(*)
 libgcc.a(*)

.ARM.attributes
                0x0000000000000000       0x29
 *(.ARM.attributes)
 .ARM.attributes
                0x0000000000000000       0x1d c:/st/stm32cubeide_1.7.0/stm32cubeide/plugins/com.st.stm32cube.ide.mcu.externaltools.gnu-tools-for-stm32.9-2020-q2-update.win32_2.0.0.202105311346/tools/bin/../lib/gcc/arm-none-eabi/9.3.1/thumb/v7-m/nofp/crti.o
 .ARM.attributes
                0x000000000000001d       0x2d c:/st/stm32cubeide_1.7.0/stm32cubeide/plugins/com.st.stm32cube.ide.mcu.externaltools.gnu-tools-for-stm32.9-2020-q2-update.win32_2.0.0.202105311346/tools/bin/../lib/gcc/arm-none-eabi/9.3.1/thumb/v7-m/nofp/crtbegin.o
 .ARM.attributes
                0x000000000000004a       0x2d ./Core/Src/7_Segment.o
 .ARM.attributes
                0x0000000000000077       0x2d ./Core/Src/button.o
 .ARM.attributes
                0x00000000000000a4       0x2d ./Core/Src/fsm_automatic.o
 .ARM.attributes
                0x00000000000000d1       0x2d ./Core/Src/fsm_manual.o
 .ARM.attributes
                0x00000000000000fe       0x2d ./Core/Src/fsm_save_value.o
 .ARM.attributes
                0x000000000000012b       0x2d ./Core/Src/fsm_setting.o
 .ARM.attributes
                0x0000000000000158       0x2d ./Core/Src/global.o
 .ARM.attributes
                0x0000000000000185       0x2d ./Core/Src/light_traffic.o
 .ARM.attributes
                0x00000000000001b2       0x2d ./Core/Src/main.o
 .ARM.attributes
                0x00000000000001df       0x2d ./Core/Src/stm32f1xx_hal_msp.o
 .ARM.attributes
                0x000000000000020c       0x2d ./Core/Src/stm32f1xx_it.o
 .ARM.attributes
                0x0000000000000239       0x2d ./Core/Src/system_stm32f1xx.o
 .ARM.attributes
                0x0000000000000266       0x2d ./Core/Src/timer.o
 .ARM.attributes
                0x0000000000000293       0x21 ./Core/Startup/startup_stm32f103c6ux.o
 .ARM.attributes
                0x00000000000002b4       0x2d ./Drivers/STM32F1xx_HAL_Driver/Src/stm32f1xx_hal.o
 .ARM.attributes
                0x00000000000002e1       0x2d ./Drivers/STM32F1xx_HAL_Driver/Src/stm32f1xx_hal_cortex.o
 .ARM.attributes
                0x000000000000030e       0x2d ./Drivers/STM32F1xx_HAL_Driver/Src/stm32f1xx_hal_gpio.o
 .ARM.attributes
                0x000000000000033b       0x2d ./Drivers/STM32F1xx_HAL_Driver/Src/stm32f1xx_hal_rcc.o
 .ARM.attributes
                0x0000000000000368       0x2d ./Drivers/STM32F1xx_HAL_Driver/Src/stm32f1xx_hal_tim.o
 .ARM.attributes
                0x0000000000000395       0x2d ./Drivers/STM32F1xx_HAL_Driver/Src/stm32f1xx_hal_tim_ex.o
 .ARM.attributes
                0x00000000000003c2       0x2d c:/st/stm32cubeide_1.7.0/stm32cubeide/plugins/com.st.stm32cube.ide.mcu.externaltools.gnu-tools-for-stm32.9-2020-q2-update.win32_2.0.0.202105311346/tools/bin/../lib/gcc/arm-none-eabi/9.3.1/../../../../arm-none-eabi/lib/thumb/v7-m/nofp\libc_nano.a(lib_a-init.o)
 .ARM.attributes
                0x00000000000003ef       0x2d c:/st/stm32cubeide_1.7.0/stm32cubeide/plugins/com.st.stm32cube.ide.mcu.externaltools.gnu-tools-for-stm32.9-2020-q2-update.win32_2.0.0.202105311346/tools/bin/../lib/gcc/arm-none-eabi/9.3.1/../../../../arm-none-eabi/lib/thumb/v7-m/nofp\libc_nano.a(lib_a-memset.o)
 .ARM.attributes
                0x000000000000041c       0x1d c:/st/stm32cubeide_1.7.0/stm32cubeide/plugins/com.st.stm32cube.ide.mcu.externaltools.gnu-tools-for-stm32.9-2020-q2-update.win32_2.0.0.202105311346/tools/bin/../lib/gcc/arm-none-eabi/9.3.1/thumb/v7-m/nofp/crtn.o
OUTPUT(LAB3_VXL_VDK.elf elf32-littlearm)
LOAD linker stubs
LOAD c:/st/stm32cubeide_1.7.0/stm32cubeide/plugins/com.st.stm32cube.ide.mcu.externaltools.gnu-tools-for-stm32.9-2020-q2-update.win32_2.0.0.202105311346/tools/bin/../lib/gcc/arm-none-eabi/9.3.1/../../../../arm-none-eabi/lib/thumb/v7-m/nofp\libc.a
LOAD c:/st/stm32cubeide_1.7.0/stm32cubeide/plugins/com.st.stm32cube.ide.mcu.externaltools.gnu-tools-for-stm32.9-2020-q2-update.win32_2.0.0.202105311346/tools/bin/../lib/gcc/arm-none-eabi/9.3.1/../../../../arm-none-eabi/lib/thumb/v7-m/nofp\libm.a
LOAD c:/st/stm32cubeide_1.7.0/stm32cubeide/plugins/com.st.stm32cube.ide.mcu.externaltools.gnu-tools-for-stm32.9-2020-q2-update.win32_2.0.0.202105311346/tools/bin/../lib/gcc/arm-none-eabi/9.3.1/thumb/v7-m/nofp\libgcc.a

.debug_info     0x0000000000000000     0xa520
 .debug_info    0x0000000000000000      0x391 ./Core/Src/7_Segment.o
 .debug_info    0x0000000000000391      0x3c1 ./Core/Src/button.o
 .debug_info    0x0000000000000752      0x378 ./Core/Src/fsm_automatic.o
 .debug_info    0x0000000000000aca      0x35b ./Core/Src/fsm_manual.o
 .debug_info    0x0000000000000e25      0x2ae ./Core/Src/fsm_save_value.o
 .debug_info    0x00000000000010d3      0x381 ./Core/Src/fsm_setting.o
 .debug_info    0x0000000000001454      0x57c ./Core/Src/global.o
 .debug_info    0x00000000000019d0      0x3c5 ./Core/Src/light_traffic.o
 .debug_info    0x0000000000001d95      0xcb2 ./Core/Src/main.o
 .debug_info    0x0000000000002a47      0xa09 ./Core/Src/stm32f1xx_hal_msp.o
 .debug_info    0x0000000000003450      0x7b9 ./Core/Src/stm32f1xx_it.o
 .debug_info    0x0000000000003c09      0x2be ./Core/Src/system_stm32f1xx.o
 .debug_info    0x0000000000003ec7      0x1e8 ./Core/Src/timer.o
 .debug_info    0x00000000000040af       0x22 ./Core/Startup/startup_stm32f103c6ux.o
 .debug_info    0x00000000000040d1      0x74c ./Drivers/STM32F1xx_HAL_Driver/Src/stm32f1xx_hal.o
 .debug_info    0x000000000000481d      0xbbe ./Drivers/STM32F1xx_HAL_Driver/Src/stm32f1xx_hal_cortex.o
 .debug_info    0x00000000000053db      0x701 ./Drivers/STM32F1xx_HAL_Driver/Src/stm32f1xx_hal_gpio.o
 .debug_info    0x0000000000005adc      0x893 ./Drivers/STM32F1xx_HAL_Driver/Src/stm32f1xx_hal_rcc.o
 .debug_info    0x000000000000636f     0x2c32 ./Drivers/STM32F1xx_HAL_Driver/Src/stm32f1xx_hal_tim.o
 .debug_info    0x0000000000008fa1     0x157f ./Drivers/STM32F1xx_HAL_Driver/Src/stm32f1xx_hal_tim_ex.o

.debug_abbrev   0x0000000000000000     0x1e99
 .debug_abbrev  0x0000000000000000      0x125 ./Core/Src/7_Segment.o
 .debug_abbrev  0x0000000000000125      0x13b ./Core/Src/button.o
 .debug_abbrev  0x0000000000000260      0x110 ./Core/Src/fsm_automatic.o
 .debug_abbrev  0x0000000000000370       0xf6 ./Core/Src/fsm_manual.o
 .debug_abbrev  0x0000000000000466       0xb6 ./Core/Src/fsm_save_value.o
 .debug_abbrev  0x000000000000051c      0x110 ./Core/Src/fsm_setting.o
 .debug_abbrev  0x000000000000062c      0x182 ./Core/Src/global.o
 .debug_abbrev  0x00000000000007ae      0x107 ./Core/Src/light_traffic.o
 .debug_abbrev  0x00000000000008b5      0x248 ./Core/Src/main.o
 .debug_abbrev  0x0000000000000afd      0x1b7 ./Core/Src/stm32f1xx_hal_msp.o
 .debug_abbrev  0x0000000000000cb4      0x176 ./Core/Src/stm32f1xx_it.o
 .debug_abbrev  0x0000000000000e2a      0x14e ./Core/Src/system_stm32f1xx.o
 .debug_abbrev  0x0000000000000f78       0xf0 ./Core/Src/timer.o
 .debug_abbrev  0x0000000000001068       0x12 ./Core/Startup/startup_stm32f103c6ux.o
 .debug_abbrev  0x000000000000107a      0x1ed ./Drivers/STM32F1xx_HAL_Driver/Src/stm32f1xx_hal.o
 .debug_abbrev  0x0000000000001267      0x313 ./Drivers/STM32F1xx_HAL_Driver/Src/stm32f1xx_hal_cortex.o
 .debug_abbrev  0x000000000000157a      0x1e8 ./Drivers/STM32F1xx_HAL_Driver/Src/stm32f1xx_hal_gpio.o
 .debug_abbrev  0x0000000000001762      0x273 ./Drivers/STM32F1xx_HAL_Driver/Src/stm32f1xx_hal_rcc.o
 .debug_abbrev  0x00000000000019d5      0x25e ./Drivers/STM32F1xx_HAL_Driver/Src/stm32f1xx_hal_tim.o
 .debug_abbrev  0x0000000000001c33      0x266 ./Drivers/STM32F1xx_HAL_Driver/Src/stm32f1xx_hal_tim_ex.o

.debug_aranges  0x0000000000000000      0xaf0
 .debug_aranges
                0x0000000000000000       0x28 ./Core/Src/7_Segment.o
 .debug_aranges
                0x0000000000000028       0x38 ./Core/Src/button.o
 .debug_aranges
                0x0000000000000060       0x20 ./Core/Src/fsm_automatic.o
 .debug_aranges
                0x0000000000000080       0x20 ./Core/Src/fsm_manual.o
 .debug_aranges
                0x00000000000000a0       0x20 ./Core/Src/fsm_save_value.o
 .debug_aranges
                0x00000000000000c0       0x20 ./Core/Src/fsm_setting.o
 .debug_aranges
                0x00000000000000e0       0x90 ./Core/Src/global.o
 .debug_aranges
                0x0000000000000170       0x28 ./Core/Src/light_traffic.o
 .debug_aranges
                0x0000000000000198       0x48 ./Core/Src/main.o
 .debug_aranges
                0x00000000000001e0       0x30 ./Core/Src/stm32f1xx_hal_msp.o
 .debug_aranges
                0x0000000000000210       0x68 ./Core/Src/stm32f1xx_it.o
 .debug_aranges
                0x0000000000000278       0x28 ./Core/Src/system_stm32f1xx.o
 .debug_aranges
                0x00000000000002a0       0x28 ./Core/Src/timer.o
 .debug_aranges
                0x00000000000002c8       0x28 ./Core/Startup/startup_stm32f103c6ux.o
 .debug_aranges
                0x00000000000002f0       0xe0 ./Drivers/STM32F1xx_HAL_Driver/Src/stm32f1xx_hal.o
 .debug_aranges
                0x00000000000003d0      0x100 ./Drivers/STM32F1xx_HAL_Driver/Src/stm32f1xx_hal_cortex.o
 .debug_aranges
                0x00000000000004d0       0x58 ./Drivers/STM32F1xx_HAL_Driver/Src/stm32f1xx_hal_gpio.o
 .debug_aranges
                0x0000000000000528       0x90 ./Drivers/STM32F1xx_HAL_Driver/Src/stm32f1xx_hal_rcc.o
 .debug_aranges
                0x00000000000005b8      0x3d0 ./Drivers/STM32F1xx_HAL_Driver/Src/stm32f1xx_hal_tim.o
 .debug_aranges
                0x0000000000000988      0x168 ./Drivers/STM32F1xx_HAL_Driver/Src/stm32f1xx_hal_tim_ex.o

.debug_ranges   0x0000000000000000      0x9b8
 .debug_ranges  0x0000000000000000       0x18 ./Core/Src/7_Segment.o
 .debug_ranges  0x0000000000000018       0x28 ./Core/Src/button.o
 .debug_ranges  0x0000000000000040       0x10 ./Core/Src/fsm_automatic.o
 .debug_ranges  0x0000000000000050       0x10 ./Core/Src/fsm_manual.o
 .debug_ranges  0x0000000000000060       0x10 ./Core/Src/fsm_save_value.o
 .debug_ranges  0x0000000000000070       0x10 ./Core/Src/fsm_setting.o
 .debug_ranges  0x0000000000000080       0x80 ./Core/Src/global.o
 .debug_ranges  0x0000000000000100       0x18 ./Core/Src/light_traffic.o
 .debug_ranges  0x0000000000000118       0x38 ./Core/Src/main.o
 .debug_ranges  0x0000000000000150       0x20 ./Core/Src/stm32f1xx_hal_msp.o
 .debug_ranges  0x0000000000000170       0x58 ./Core/Src/stm32f1xx_it.o
 .debug_ranges  0x00000000000001c8       0x18 ./Core/Src/system_stm32f1xx.o
 .debug_ranges  0x00000000000001e0       0x18 ./Core/Src/timer.o
 .debug_ranges  0x00000000000001f8       0x20 ./Core/Startup/startup_stm32f103c6ux.o
 .debug_ranges  0x0000000000000218       0xd0 ./Drivers/STM32F1xx_HAL_Driver/Src/stm32f1xx_hal.o
 .debug_ranges  0x00000000000002e8       0xf0 ./Drivers/STM32F1xx_HAL_Driver/Src/stm32f1xx_hal_cortex.o
 .debug_ranges  0x00000000000003d8       0x48 ./Drivers/STM32F1xx_HAL_Driver/Src/stm32f1xx_hal_gpio.o
 .debug_ranges  0x0000000000000420       0x80 ./Drivers/STM32F1xx_HAL_Driver/Src/stm32f1xx_hal_rcc.o
 .debug_ranges  0x00000000000004a0      0x3c0 ./Drivers/STM32F1xx_HAL_Driver/Src/stm32f1xx_hal_tim.o
 .debug_ranges  0x0000000000000860      0x158 ./Drivers/STM32F1xx_HAL_Driver/Src/stm32f1xx_hal_tim_ex.o

.debug_macro    0x0000000000000000    0x175df
 .debug_macro   0x0000000000000000      0x1ed ./Core/Src/7_Segment.o
 .debug_macro   0x00000000000001ed      0xa9c ./Core/Src/7_Segment.o
 .debug_macro   0x0000000000000c89      0x215 ./Core/Src/7_Segment.o
 .debug_macro   0x0000000000000e9e       0x2e ./Core/Src/7_Segment.o
 .debug_macro   0x0000000000000ecc       0x22 ./Core/Src/7_Segment.o
 .debug_macro   0x0000000000000eee       0x22 ./Core/Src/7_Segment.o
 .debug_macro   0x0000000000000f10       0x8e ./Core/Src/7_Segment.o
 .debug_macro   0x0000000000000f9e       0x51 ./Core/Src/7_Segment.o
 .debug_macro   0x0000000000000fef      0x103 ./Core/Src/7_Segment.o
 .debug_macro   0x00000000000010f2       0x6a ./Core/Src/7_Segment.o
 .debug_macro   0x000000000000115c      0x1df ./Core/Src/7_Segment.o
 .debug_macro   0x000000000000133b       0x1c ./Core/Src/7_Segment.o
 .debug_macro   0x0000000000001357       0x22 ./Core/Src/7_Segment.o
 .debug_macro   0x0000000000001379       0xc3 ./Core/Src/7_Segment.o
 .debug_macro   0x000000000000143c      0xd23 ./Core/Src/7_Segment.o
 .debug_macro   0x000000000000215f     0xde75 ./Core/Src/7_Segment.o
 .debug_macro   0x000000000000ffd4       0x6d ./Core/Src/7_Segment.o
 .debug_macro   0x0000000000010041     0x34a2 ./Core/Src/7_Segment.o
 .debug_macro   0x00000000000134e3      0x174 ./Core/Src/7_Segment.o
 .debug_macro   0x0000000000013657       0x5c ./Core/Src/7_Segment.o
 .debug_macro   0x00000000000136b3      0x5bc ./Core/Src/7_Segment.o
 .debug_macro   0x0000000000013c6f      0x1b7 ./Core/Src/7_Segment.o
 .debug_macro   0x0000000000013e26      0x1cb ./Core/Src/7_Segment.o
 .debug_macro   0x0000000000013ff1      0x114 ./Core/Src/7_Segment.o
 .debug_macro   0x0000000000014105      0x1b2 ./Core/Src/7_Segment.o
 .debug_macro   0x00000000000142b7       0x27 ./Core/Src/7_Segment.o
 .debug_macro   0x00000000000142de      0x12f ./Core/Src/7_Segment.o
 .debug_macro   0x000000000001440d      0x1bc ./Core/Src/7_Segment.o
 .debug_macro   0x00000000000145c9       0x34 ./Core/Src/7_Segment.o
 .debug_macro   0x00000000000145fd       0x3c ./Core/Src/7_Segment.o
 .debug_macro   0x0000000000014639       0x57 ./Core/Src/7_Segment.o
 .debug_macro   0x0000000000014690       0x87 ./Core/Src/7_Segment.o
 .debug_macro   0x0000000000014717      0x183 ./Core/Src/7_Segment.o
 .debug_macro   0x000000000001489a      0x140 ./Core/Src/7_Segment.o
 .debug_macro   0x00000000000149da      0x8ed ./Core/Src/7_Segment.o
 .debug_macro   0x00000000000152c7       0x69 ./Core/Src/7_Segment.o
 .debug_macro   0x0000000000015330      0x148 ./Core/Src/7_Segment.o
 .debug_macro   0x0000000000015478       0x16 ./Core/Src/7_Segment.o
 .debug_macro   0x000000000001548e       0x6a ./Core/Src/7_Segment.o
 .debug_macro   0x00000000000154f8       0x58 ./Core/Src/7_Segment.o
 .debug_macro   0x0000000000015550      0x1b3 ./Core/Src/button.o
 .debug_macro   0x0000000000015703      0x1e9 ./Core/Src/fsm_automatic.o
 .debug_macro   0x00000000000158ec       0x5e ./Core/Src/fsm_automatic.o
 .debug_macro   0x000000000001594a      0x1f3 ./Core/Src/fsm_manual.o
 .debug_macro   0x0000000000015b3d      0x1fd ./Core/Src/fsm_save_value.o
 .debug_macro   0x0000000000015d3a      0x1fd ./Core/Src/fsm_setting.o
 .debug_macro   0x0000000000015f37      0x1e5 ./Core/Src/global.o
 .debug_macro   0x000000000001611c      0x1df ./Core/Src/light_traffic.o
 .debug_macro   0x00000000000162fb      0x21b ./Core/Src/main.o
 .debug_macro   0x0000000000016516      0x1a6 ./Core/Src/stm32f1xx_hal_msp.o
 .debug_macro   0x00000000000166bc      0x1b0 ./Core/Src/stm32f1xx_it.o
 .debug_macro   0x000000000001686c      0x197 ./Core/Src/system_stm32f1xx.o
 .debug_macro   0x0000000000016a03      0x1b0 ./Core/Src/timer.o
 .debug_macro   0x0000000000016bb3      0x1bb ./Drivers/STM32F1xx_HAL_Driver/Src/stm32f1xx_hal.o
 .debug_macro   0x0000000000016d6e      0x197 ./Drivers/STM32F1xx_HAL_Driver/Src/stm32f1xx_hal_cortex.o
 .debug_macro   0x0000000000016f05      0x202 ./Drivers/STM32F1xx_HAL_Driver/Src/stm32f1xx_hal_gpio.o
 .debug_macro   0x0000000000017107      0x1a9 ./Drivers/STM32F1xx_HAL_Driver/Src/stm32f1xx_hal_rcc.o
 .debug_macro   0x00000000000172b0      0x198 ./Drivers/STM32F1xx_HAL_Driver/Src/stm32f1xx_hal_tim.o
 .debug_macro   0x0000000000017448      0x197 ./Drivers/STM32F1xx_HAL_Driver/Src/stm32f1xx_hal_tim_ex.o

.debug_line     0x0000000000000000     0xd727
 .debug_line    0x0000000000000000      0x740 ./Core/Src/7_Segment.o
 .debug_line    0x0000000000000740      0x7a5 ./Core/Src/button.o
 .debug_line    0x0000000000000ee5      0x70f ./Core/Src/fsm_automatic.o
 .debug_line    0x00000000000015f4      0x75b ./Core/Src/fsm_manual.o
 .debug_line    0x0000000000001d4f      0x71f ./Core/Src/fsm_save_value.o
 .debug_line    0x000000000000246e      0x7e2 ./Core/Src/fsm_setting.o
 .debug_line    0x0000000000002c50      0x85d ./Core/Src/global.o
 .debug_line    0x00000000000034ad      0x847 ./Core/Src/light_traffic.o
 .debug_line    0x0000000000003cf4      0x821 ./Core/Src/main.o
 .debug_line    0x0000000000004515      0x6a1 ./Core/Src/stm32f1xx_hal_msp.o
 .debug_line    0x0000000000004bb6      0x73f ./Core/Src/stm32f1xx_it.o
 .debug_line    0x00000000000052f5      0x6e3 ./Core/Src/system_stm32f1xx.o
 .debug_line    0x00000000000059d8      0x68b ./Core/Src/timer.o
 .debug_line    0x0000000000006063       0x86 ./Core/Startup/startup_stm32f103c6ux.o
 .debug_line    0x00000000000060e9      0x910 ./Drivers/STM32F1xx_HAL_Driver/Src/stm32f1xx_hal.o
 .debug_line    0x00000000000069f9      0xaf8 ./Drivers/STM32F1xx_HAL_Driver/Src/stm32f1xx_hal_cortex.o
 .debug_line    0x00000000000074f1      0x993 ./Drivers/STM32F1xx_HAL_Driver/Src/stm32f1xx_hal_gpio.o
 .debug_line    0x0000000000007e84      0xd1c ./Drivers/STM32F1xx_HAL_Driver/Src/stm32f1xx_hal_rcc.o
 .debug_line    0x0000000000008ba0     0x3361 ./Drivers/STM32F1xx_HAL_Driver/Src/stm32f1xx_hal_tim.o
 .debug_line    0x000000000000bf01     0x1826 ./Drivers/STM32F1xx_HAL_Driver/Src/stm32f1xx_hal_tim_ex.o

.debug_str      0x0000000000000000    0x8294c
 .debug_str     0x0000000000000000    0x7fc47 ./Core/Src/7_Segment.o
                                      0x7ff99 (size before relaxing)
 .debug_str     0x000000000007fc47       0xd8 ./Core/Src/button.o
                                      0x7fd2c (size before relaxing)
 .debug_str     0x000000000007fd1f       0x44 ./Core/Src/fsm_automatic.o
                                      0x7ff97 (size before relaxing)
 .debug_str     0x000000000007fd63       0x3b ./Core/Src/fsm_manual.o
                                      0x7ffa4 (size before relaxing)
 .debug_str     0x000000000007fd9e       0x47 ./Core/Src/fsm_save_value.o
                                      0x7ff7c (size before relaxing)
 .debug_str     0x000000000007fde5       0x5b ./Core/Src/fsm_setting.o
                                      0x7ffbb (size before relaxing)
 .debug_str     0x000000000007fe40       0xee ./Core/Src/global.o
                                      0x8004e (size before relaxing)
 .debug_str     0x000000000007ff2e       0xbd ./Core/Src/light_traffic.o
                                      0x7ffc9 (size before relaxing)
 .debug_str     0x000000000007ffeb      0x6df ./Core/Src/main.o
                                      0x80736 (size before relaxing)
 .debug_str     0x00000000000806ca      0x2ba ./Core/Src/stm32f1xx_hal_msp.o
                                      0x803da (size before relaxing)
 .debug_str     0x0000000000080984       0xcd ./Core/Src/stm32f1xx_it.o
                                      0x8013c (size before relaxing)
 .debug_str     0x0000000000080a51       0x52 ./Core/Src/system_stm32f1xx.o
                                      0x7f774 (size before relaxing)
 .debug_str     0x0000000000080aa3       0x30 ./Core/Src/timer.o
                                      0x7fc0e (size before relaxing)
 .debug_str     0x0000000000080ad3       0x36 ./Core/Startup/startup_stm32f103c6ux.o
                                         0x68 (size before relaxing)
 .debug_str     0x0000000000080b09      0x304 ./Drivers/STM32F1xx_HAL_Driver/Src/stm32f1xx_hal.o
                                      0x7fdcb (size before relaxing)
 .debug_str     0x0000000000080e0d      0x300 ./Drivers/STM32F1xx_HAL_Driver/Src/stm32f1xx_hal_cortex.o
                                      0x7fdd3 (size before relaxing)
 .debug_str     0x000000000008110d      0x324 ./Drivers/STM32F1xx_HAL_Driver/Src/stm32f1xx_hal_gpio.o
                                      0x7fb38 (size before relaxing)
 .debug_str     0x0000000000081431      0x24f ./Drivers/STM32F1xx_HAL_Driver/Src/stm32f1xx_hal_rcc.o
                                      0x7fb71 (size before relaxing)
 .debug_str     0x0000000000081680      0xdde ./Drivers/STM32F1xx_HAL_Driver/Src/stm32f1xx_hal_tim.o
                                      0x80b5a (size before relaxing)
 .debug_str     0x000000000008245e      0x4ee ./Drivers/STM32F1xx_HAL_Driver/Src/stm32f1xx_hal_tim_ex.o
                                      0x802fb (size before relaxing)

.comment        0x0000000000000000       0x53
 .comment       0x0000000000000000       0x53 ./Core/Src/7_Segment.o
                                         0x54 (size before relaxing)
 .comment       0x0000000000000053       0x54 ./Core/Src/button.o
 .comment       0x0000000000000053       0x54 ./Core/Src/fsm_automatic.o
 .comment       0x0000000000000053       0x54 ./Core/Src/fsm_manual.o
 .comment       0x0000000000000053       0x54 ./Core/Src/fsm_save_value.o
 .comment       0x0000000000000053       0x54 ./Core/Src/fsm_setting.o
 .comment       0x0000000000000053       0x54 ./Core/Src/global.o
 .comment       0x0000000000000053       0x54 ./Core/Src/light_traffic.o
 .comment       0x0000000000000053       0x54 ./Core/Src/main.o
 .comment       0x0000000000000053       0x54 ./Core/Src/stm32f1xx_hal_msp.o
 .comment       0x0000000000000053       0x54 ./Core/Src/stm32f1xx_it.o
 .comment       0x0000000000000053       0x54 ./Core/Src/system_stm32f1xx.o
 .comment       0x0000000000000053       0x54 ./Core/Src/timer.o
 .comment       0x0000000000000053       0x54 ./Drivers/STM32F1xx_HAL_Driver/Src/stm32f1xx_hal.o
 .comment       0x0000000000000053       0x54 ./Drivers/STM32F1xx_HAL_Driver/Src/stm32f1xx_hal_cortex.o
 .comment       0x0000000000000053       0x54 ./Drivers/STM32F1xx_HAL_Driver/Src/stm32f1xx_hal_gpio.o
 .comment       0x0000000000000053       0x54 ./Drivers/STM32F1xx_HAL_Driver/Src/stm32f1xx_hal_rcc.o
 .comment       0x0000000000000053       0x54 ./Drivers/STM32F1xx_HAL_Driver/Src/stm32f1xx_hal_tim.o
 .comment       0x0000000000000053       0x54 ./Drivers/STM32F1xx_HAL_Driver/Src/stm32f1xx_hal_tim_ex.o

.debug_frame    0x0000000000000000     0x2a18
 .debug_frame   0x0000000000000000       0x60 ./Core/Src/7_Segment.o
 .debug_frame   0x0000000000000060       0x8c ./Core/Src/button.o
 .debug_frame   0x00000000000000ec       0x34 ./Core/Src/fsm_automatic.o
 .debug_frame   0x0000000000000120       0x2c ./Core/Src/fsm_manual.o
 .debug_frame   0x000000000000014c       0x2c ./Core/Src/fsm_save_value.o
 .debug_frame   0x0000000000000178       0x2c ./Core/Src/fsm_setting.o
 .debug_frame   0x00000000000001a4      0x1f8 ./Core/Src/global.o
 .debug_frame   0x000000000000039c       0x60 ./Core/Src/light_traffic.o
 .debug_frame   0x00000000000003fc       0xd4 ./Core/Src/main.o
 .debug_frame   0x00000000000004d0       0x80 ./Core/Src/stm32f1xx_hal_msp.o
 .debug_frame   0x0000000000000550      0x120 ./Core/Src/stm32f1xx_it.o
 .debug_frame   0x0000000000000670       0x58 ./Core/Src/system_stm32f1xx.o
 .debug_frame   0x00000000000006c8       0x58 ./Core/Src/timer.o
 .debug_frame   0x0000000000000720      0x334 ./Drivers/STM32F1xx_HAL_Driver/Src/stm32f1xx_hal.o
 .debug_frame   0x0000000000000a54      0x428 ./Drivers/STM32F1xx_HAL_Driver/Src/stm32f1xx_hal_cortex.o
 .debug_frame   0x0000000000000e7c      0x14c ./Drivers/STM32F1xx_HAL_Driver/Src/stm32f1xx_hal_gpio.o
 .debug_frame   0x0000000000000fc8      0x218 ./Drivers/STM32F1xx_HAL_Driver/Src/stm32f1xx_hal_rcc.o
 .debug_frame   0x00000000000011e0     0x11b4 ./Drivers/STM32F1xx_HAL_Driver/Src/stm32f1xx_hal_tim.o
 .debug_frame   0x0000000000002394      0x638 ./Drivers/STM32F1xx_HAL_Driver/Src/stm32f1xx_hal_tim_ex.o
 .debug_frame   0x00000000000029cc       0x2c c:/st/stm32cubeide_1.7.0/stm32cubeide/plugins/com.st.stm32cube.ide.mcu.externaltools.gnu-tools-for-stm32.9-2020-q2-update.win32_2.0.0.202105311346/tools/bin/../lib/gcc/arm-none-eabi/9.3.1/../../../../arm-none-eabi/lib/thumb/v7-m/nofp\libc_nano.a(lib_a-init.o)
 .debug_frame   0x00000000000029f8       0x20 c:/st/stm32cubeide_1.7.0/stm32cubeide/plugins/com.st.stm32cube.ide.mcu.externaltools.gnu-tools-for-stm32.9-2020-q2-update.win32_2.0.0.202105311346/tools/bin/../lib/gcc/arm-none-eabi/9.3.1/../../../../arm-none-eabi/lib/thumb/v7-m/nofp\libc_nano.a(lib_a-memset.o)
