global.c:24:6:init_time_traffic	24	static
global.c:30:6:clearLed	8	static
global.c:35:6:setLedRed	8	static
global.c:41:6:setLedGreen	8	static
global.c:47:6:setLedYellow	8	static
global.c:53:6:clearLed1	8	static
global.c:58:6:setLedRed1	8	static
global.c:64:6:setLedGreen1	8	static
global.c:70:6:setLedYellow1	8	static
global.c:76:6:updateClockBuffer	16	static
global.c:85:6:redBuffer	16	static
global.c:89:6:greenBuffer	16	static
global.c:93:6:yellowBuffer	16	static
global.c:98:6:display	8	static
global.c:121:6:display_value_edit	16	static
