global.c:27:6:init_time_traffic	24	static
global.c:33:6:clearLed	8	static
global.c:38:6:setLedRed	8	static
global.c:44:6:setLedGreen	8	static
global.c:50:6:setLedYellow	8	static
global.c:56:6:clearLed1	8	static
global.c:61:6:setLedRed1	8	static
global.c:67:6:setLedGreen1	8	static
global.c:73:6:setLedYellow1	8	static
global.c:79:6:updateClockBuffer	16	static
global.c:88:6:redBuffer	16	static
global.c:92:6:greenBuffer	16	static
global.c:96:6:yellowBuffer	16	static
global.c:101:6:display	8	static
global.c:124:6:display_value_edit	16	static
